==============================================================================
Tests :: Testing functionality through Robot Framework                        
==============================================================================
Tests.Test PVH-smicm                                                          
==============================================================================
PVH-smicm                                                             Selected rows: None
Selected rows: None
Selected rows: None
Selected rows: None
Selected rows: None
Selected rows: None
Selected rows: None
Selected rows: None
Selected rows: None
Selected rows: None
Selected rows: None
Selected rows: None
Selected rows: None
| PASS |
------------------------------------------------------------------------------
Tests.Test PVH-smicm                                                  | PASS |
1 test, 1 passed, 0 failed
==============================================================================
Tests :: Testing functionality through Robot Framework                | PASS |
1 test, 1 passed, 0 failed
==============================================================================
Output:  C:\Replay\PVH\Output\d3f3d473-d901-4438-b0df-dd1f6803432a\pabot_results\0\Output.xml
