==============================================================================
Tests :: Testing functionality through Robot Framework                        
==============================================================================
Tests.Test PVH-smicm                                                          
==============================================================================
PVH-smicm                                                             Selected rows: None
Selected rows: None
Selected rows: None
Selected rows: None
Selected rows: None
Selected rows: None
Selected rows: None
Selected rows: None
Selected rows: None
Selected rows: None
Selected rows: None
Selected rows: None
Selected rows: None
| PASS |
------------------------------------------------------------------------------
Tests.Test PVH-smicm                                                  | PASS |
1 test, 1 passed, 0 failed
==============================================================================
Tests :: Testing functionality through Robot Framework                | PASS |
1 test, 1 passed, 0 failed
==============================================================================
Output:  C:\Replay\PVH\Output\9eb4016d-895e-4ccc-b16f-6d726a2e8ad4\pabot_results\0\Output.xml
